[CalculationEngine] Initialized
   Libs path: C:\Users\lenka\OneDrive\Plocha\Optimalizace-Bridge\libs
   Path exists: True
   CWD: C:\Users\lenka\OneDrive\Plocha\Optimalizace-Bridge\backend
Ôťô Created calculation: b475a57b-3bea-41dc-bc6b-f8b97d35ef5a

Running calculation task...
[Loading] Module: config
   Module path: C:\Users\lenka\OneDrive\Plocha\Optimalizace-Bridge\libs\config.py
   Path exists: True
   Libs path: C:\Users\lenka\OneDrive\Plocha\Optimalizace-Bridge\libs
   Libs path exists: True
[OK] [2025-11-05 14:09:33] Reloaded module: config
[Loading] Module: funsChart
   Module path: C:\Users\lenka\OneDrive\Plocha\Optimalizace-Bridge\libs\funsChart.py
   Path exists: True
   Libs path: C:\Users\lenka\OneDrive\Plocha\Optimalizace-Bridge\libs
   Libs path exists: True
[OK] [2025-11-05 14:09:34] Reloaded module: funsChart
[Loading] Module: funsCost
   Module path: C:\Users\lenka\OneDrive\Plocha\Optimalizace-Bridge\libs\funsCost.py
   Path exists: True
   Libs path: C:\Users\lenka\OneDrive\Plocha\Optimalizace-Bridge\libs
   Libs path exists: True
[OK] [2025-11-05 14:09:34] Reloaded module: funsCost
[Loading] Module: funsData
   Module path: C:\Users\lenka\OneDrive\Plocha\Optimalizace-Bridge\libs\funsData.py
   Path exists: True
   Libs path: C:\Users\lenka\OneDrive\Plocha\Optimalizace-Bridge\libs
   Libs path exists: True
[OK] [2025-11-05 14:09:34] Reloaded module: funsData
[Loading] Module: funsProcess
   Module path: C:\Users\lenka\OneDrive\Plocha\Optimalizace-Bridge\libs\funsProcess.py
   Path exists: True
   Libs path: C:\Users\lenka\OneDrive\Plocha\Optimalizace-Bridge\libs
   Libs path exists: True
[OK] [2025-11-05 14:09:34] Reloaded module: funsProcess
[Loading] Module: funsProcessGEKKO
   Module path: C:\Users\lenka\OneDrive\Plocha\Optimalizace-Bridge\libs\funsProcessGEKKO.py
   Path exists: True
   Libs path: C:\Users\lenka\OneDrive\Plocha\Optimalizace-Bridge\libs
   Libs path exists: True
[OK] [2025-11-05 14:09:34] Reloaded module: funsProcessGEKKO
[Loading] Module: load
   Module path: C:\Users\lenka\OneDrive\Plocha\Optimalizace-Bridge\libs\load.py
   Path exists: True
   Libs path: C:\Users\lenka\OneDrive\Plocha\Optimalizace-Bridge\libs
   Libs path exists: True
[OK] [2025-11-05 14:09:34] Reloaded module: load
[Loading] Module: process
   Module path: C:\Users\lenka\OneDrive\Plocha\Optimalizace-Bridge\libs\process.py
   Path exists: True
   Libs path: C:\Users\lenka\OneDrive\Plocha\Optimalizace-Bridge\libs
   Libs path exists: True
[OK] [2025-11-05 14:09:34] Reloaded module: process
[Loading] Module: progress
   Module path: C:\Users\lenka\OneDrive\Plocha\Optimalizace-Bridge\libs\progress.py
   Path exists: True
   Libs path: C:\Users\lenka\OneDrive\Plocha\Optimalizace-Bridge\libs
   Libs path exists: True
[OK] [2025-11-05 14:09:34] Reloaded module: progress


   0.3 %  -    0:05.3 [min:sec]    
   0.5 %  -    0:04.6 [min:sec]    
   0.8 %  -    0:04.3 [min:sec]    
   1.1 %  -    0:04.3 [min:sec]    
   1.4 %  -    0:04.1 [min:sec]    
   1.6 %  -    0:04.0 [min:sec]    
   1.9 %  -    0:04.0 [min:sec]    
   2.2 %  -    0:03.9 [min:sec]    
   2.5 %  -    0:03.9 [min:sec]    
   2.7 %  -    0:03.9 [min:sec]    
   3.0 %  -    0:03.8 [min:sec]    
   3.3 %  -    0:03.9 [min:sec]    
   3.6 %  -    0:03.8 [min:sec]    
   3.8 %  -    0:03.8 [min:sec]    
   4.1 %  -    0:03.8 [min:sec]    
   4.4 %  -    0:03.7 [min:sec]    
   4.6 %  -    0:03.7 [min:sec]    
   4.9 %  -    0:03.7 [min:sec]    
   5.2 %  -    0:03.7 [min:sec]    
   5.5 %  -    0:03.7 [min:sec]    
   5.7 %  -    0:03.7 [min:sec]    
   6.0 %  -    0:03.8 [min:sec]    
   6.3 %  -    0:03.8 [min:sec]    
   6.6 %  -    0:03.9 [min:sec]    
   6.8 %  -    0:04.0 [min:sec]    
   7.1 %  -    0:04.1 [min:sec]    
   7.4 %  -    0:04.2 [min:sec]    
   7.7 %  -    0:04.2 [min:sec]    
   7.9 %  -    0:04.3 [min:sec]    
   8.2 %  -    0:04.3 [min:sec]    
   8.5 %  -    0:04.4 [min:sec]    
   8.7 %  -    0:04.4 [min:sec]    
   9.0 %  -    0:04.3 [min:sec]    
   9.3 %  -    0:04.3 [min:sec]    
   9.6 %  -    0:04.2 [min:sec]    
   9.8 %  -    0:04.2 [min:sec]    
  10.1 %  -    0:04.1 [min:sec]    
  10.4 %  -    0:04.1 [min:sec]    
  10.7 %  -    0:04.1 [min:sec]    
  10.9 %  -    0:04.0 [min:sec]    
  11.2 %  -    0:04.0 [min:sec]    
  11.5 %  -    0:04.0 [min:sec]    
  11.7 %  -    0:04.0 [min:sec]    
  12.0 %  -    0:04.0 [min:sec]    
  12.3 %  -    0:03.9 [min:sec]    
  12.6 %  -    0:03.9 [min:sec]    
  12.8 %  -    0:03.9 [min:sec]    
  13.1 %  -    0:03.8 [min:sec]    
  13.4 %  -    0:03.8 [min:sec]    
  13.7 %  -    0:03.8 [min:sec]    
  13.9 %  -    0:03.7 [min:sec]    
  14.2 %  -    0:03.7 [min:sec]    
  14.5 %  -    0:03.7 [min:sec]    
  14.8 %  -    0:03.7 [min:sec]    
  15.0 %  -    0:03.7 [min:sec]    
  15.3 %  -    0:03.6 [min:sec]    
  15.6 %  -    0:03.6 [min:sec]    
  15.8 %  -    0:03.6 [min:sec]    
  16.1 %  -    0:03.6 [min:sec]    
  16.4 %  -    0:03.5 [min:sec]    
  16.7 %  -    0:03.5 [min:sec]    
  16.9 %  -    0:03.5 [min:sec]    
  17.2 %  -    0:03.5 [min:sec]    
  17.5 %  -    0:03.5 [min:sec]    
  17.8 %  -    0:03.4 [min:sec]    
  18.0 %  -    0:03.4 [min:sec]    
  18.3 %  -    0:03.4 [min:sec]    
  18.6 %  -    0:03.4 [min:sec]    
  18.9 %  -    0:03.4 [min:sec]    
  19.1 %  -    0:03.3 [min:sec]    
  19.4 %  -    0:03.3 [min:sec]    
  19.7 %  -    0:03.3 [min:sec]    
  19.9 %  -    0:03.3 [min:sec]    
  20.2 %  -    0:03.2 [min:sec]    
  20.5 %  -    0:03.2 [min:sec]    
  20.8 %  -    0:03.2 [min:sec]    
  21.0 %  -    0:03.2 [min:sec]    
  21.3 %  -    0:03.2 [min:sec]    
  21.6 %  -    0:03.2 [min:sec]    
  21.9 %  -    0:03.1 [min:sec]    
  22.1 %  -    0:03.1 [min:sec]    
  22.4 %  -    0:03.1 [min:sec]    
  22.7 %  -    0:03.1 [min:sec]    
  23.0 %  -    0:03.1 [min:sec]    
  23.2 %  -    0:03.1 [min:sec]    
  23.5 %  -    0:03.1 [min:sec]    
  23.8 %  -    0:03.0 [min:sec]    
  24.0 %  -    0:03.0 [min:sec]    
  24.3 %  -    0:03.0 [min:sec]    
  24.6 %  -    0:03.0 [min:sec]    
  24.9 %  -    0:03.0 [min:sec]    
  25.1 %  -    0:03.0 [min:sec]    
  25.4 %  -    0:02.9 [min:sec]    
  25.7 %  -    0:02.9 [min:sec]    
  26.0 %  -    0:02.9 [min:sec]    
  26.2 %  -    0:02.9 [min:sec]    
  26.5 %  -    0:02.9 [min:sec]    
  26.8 %  -    0:02.9 [min:sec]    
  27.0 %  -    0:02.9 [min:sec]    
  27.3 %  -    0:02.8 [min:sec]    
  27.6 %  -    0:02.8 [min:sec]    
  27.9 %  -    0:02.8 [min:sec]    
  28.1 %  -    0:02.8 [min:sec]    
  28.4 %  -    0:02.8 [min:sec]    
  28.7 %  -    0:02.8 [min:sec]    
  29.0 %  -    0:02.8 [min:sec]    
  29.2 %  -    0:02.7 [min:sec]    
  29.5 %  -    0:02.7 [min:sec]    
  29.8 %  -    0:02.7 [min:sec]    
  30.1 %  -    0:02.7 [min:sec]    
  30.3 %  -    0:02.7 [min:sec]    
  30.6 %  -    0:02.7 [min:sec]    
  30.9 %  -    0:02.7 [min:sec]    
  31.1 %  -    0:02.6 [min:sec]    
  31.4 %  -    0:02.6 [min:sec]    
  31.7 %  -    0:02.6 [min:sec]    
  32.0 %  -    0:02.6 [min:sec]    
  32.2 %  -    0:02.6 [min:sec]    
  32.5 %  -    0:02.6 [min:sec]    
  32.8 %  -    0:02.6 [min:sec]    
  33.1 %  -    0:02.6 [min:sec]    
  33.3 %  -    0:02.6 [min:sec]    
  33.6 %  -    0:02.5 [min:sec]    
  33.9 %  -    0:02.5 [min:sec]    
  34.2 %  -    0:02.5 [min:sec]    
  34.4 %  -    0:02.5 [min:sec]    
  34.7 %  -    0:02.5 [min:sec]    
  35.0 %  -    0:02.5 [min:sec]    
  35.2 %  -    0:02.5 [min:sec]    
  35.5 %  -    0:02.5 [min:sec]    
  35.8 %  -    0:02.5 [min:sec]    
  36.1 %  -    0:02.5 [min:sec]    
  36.3 %  -    0:02.4 [min:sec]    
  36.6 %  -    0:02.4 [min:sec]    
  36.9 %  -    0:02.4 [min:sec]    
  37.2 %  -    0:02.4 [min:sec]    
  37.4 %  -    0:02.4 [min:sec]    
  37.7 %  -    0:02.4 [min:sec]    
  38.0 %  -    0:02.4 [min:sec]    
  38.3 %  -    0:02.4 [min:sec]    
  38.5 %  -    0:02.3 [min:sec]    
  38.8 %  -    0:02.3 [min:sec]    
  39.1 %  -    0:02.3 [min:sec]    
  39.3 %  -    0:02.3 [min:sec]    
  39.6 %  -    0:02.3 [min:sec]    
  39.9 %  -    0:02.3 [min:sec]    
  40.2 %  -    0:02.3 [min:sec]    
  40.4 %  -    0:02.3 [min:sec]    
  40.7 %  -    0:02.3 [min:sec]    
  41.0 %  -    0:02.2 [min:sec]    
  41.3 %  -    0:02.2 [min:sec]    
  41.5 %  -    0:02.2 [min:sec]    
  41.8 %  -    0:02.2 [min:sec]    
  42.1 %  -    0:02.2 [min:sec]    
  42.3 %  -    0:02.2 [min:sec]    
  42.6 %  -    0:02.2 [min:sec]    
  42.9 %  -    0:02.2 [min:sec]    
  43.2 %  -    0:02.1 [min:sec]    
  43.4 %  -    0:02.1 [min:sec]    
  43.7 %  -    0:02.1 [min:sec]    
  44.0 %  -    0:02.1 [min:sec]    
  44.3 %  -    0:02.1 [min:sec]    
  44.5 %  -    0:02.1 [min:sec]    
  44.8 %  -    0:02.1 [min:sec]    
  45.1 %  -    0:02.1 [min:sec]    
  45.4 %  -    0:02.1 [min:sec]    
  45.6 %  -    0:02.0 [min:sec]    
  45.9 %  -    0:02.0 [min:sec]    
  46.2 %  -    0:02.0 [min:sec]    
  46.4 %  -    0:02.0 [min:sec]    
  46.7 %  -    0:02.0 [min:sec]    
  47.0 %  -    0:02.0 [min:sec]    
  47.3 %  -    0:02.0 [min:sec]    
  47.5 %  -    0:02.0 [min:sec]    
  47.8 %  -    0:02.0 [min:sec]    
  48.1 %  -    0:02.0 [min:sec]    
  48.4 %  -    0:02.0 [min:sec]    
  48.6 %  -    0:02.0 [min:sec]    
  48.9 %  -    0:02.0 [min:sec]    
  49.2 %  -    0:02.0 [min:sec]    
  49.5 %  -    0:02.0 [min:sec]    
  49.7 %  -    0:02.0 [min:sec]    
  50.0 %  -    0:02.0 [min:sec]    
  50.3 %  -    0:02.0 [min:sec]    
  50.5 %  -    0:01.9 [min:sec]    
  50.8 %  -    0:01.9 [min:sec]    
  51.1 %  -    0:01.9 [min:sec]    
  51.4 %  -    0:01.9 [min:sec]    
  51.6 %  -    0:01.9 [min:sec]    
  51.9 %  -    0:01.9 [min:sec]    
  52.2 %  -    0:01.9 [min:sec]    
  52.5 %  -    0:01.9 [min:sec]    
  52.7 %  -    0:01.9 [min:sec]    
  53.0 %  -    0:01.8 [min:sec]    
  53.3 %  -    0:01.8 [min:sec]    
  53.6 %  -    0:01.8 [min:sec]    
  53.8 %  -    0:01.8 [min:sec]    
  54.1 %  -    0:01.8 [min:sec]    
  54.4 %  -    0:01.8 [min:sec]    
  54.6 %  -    0:01.8 [min:sec]    
  54.9 %  -    0:01.8 [min:sec]    
  55.2 %  -    0:01.8 [min:sec]    
  55.5 %  -    0:01.8 [min:sec]    
  55.7 %  -    0:01.7 [min:sec]    
  56.0 %  -    0:01.7 [min:sec]    
  56.3 %  -    0:01.7 [min:sec]    
  56.6 %  -    0:01.7 [min:sec]    
  56.8 %  -    0:01.7 [min:sec]    
  57.1 %  -    0:01.7 [min:sec]    
  57.4 %  -    0:01.7 [min:sec]    
  57.7 %  -    0:01.7 [min:sec]    
  57.9 %  -    0:01.7 [min:sec]    
  58.2 %  -    0:01.7 [min:sec]    
  58.5 %  -    0:01.6 [min:sec]    
  58.7 %  -    0:01.6 [min:sec]    
  59.0 %  -    0:01.6 [min:sec]    
  59.3 %  -    0:01.6 [min:sec]    
  59.6 %  -    0:01.6 [min:sec]    
  59.8 %  -    0:01.6 [min:sec]    
  60.1 %  -    0:01.6 [min:sec]    
  60.4 %  -    0:01.6 [min:sec]    
  60.7 %  -    0:01.6 [min:sec]    
  60.9 %  -    0:01.6 [min:sec]    
  61.2 %  -    0:01.6 [min:sec]    
  61.5 %  -    0:01.5 [min:sec]    
  61.7 %  -    0:01.5 [min:sec]    
  62.0 %  -    0:01.5 [min:sec]    
  62.3 %  -    0:01.5 [min:sec]    
  62.6 %  -    0:01.5 [min:sec]    
  62.8 %  -    0:01.5 [min:sec]    
  63.1 %  -    0:01.5 [min:sec]    
  63.4 %  -    0:01.5 [min:sec]    
  63.7 %  -    0:01.5 [min:sec]    
  63.9 %  -    0:01.5 [min:sec]    
  64.2 %  -    0:01.5 [min:sec]    
  64.5 %  -    0:01.5 [min:sec]    
  64.8 %  -    0:01.5 [min:sec]    
  65.0 %  -    0:01.5 [min:sec]    
  65.3 %  -    0:01.5 [min:sec]    
  65.6 %  -    0:01.5 [min:sec]    
  65.8 %  -    0:01.5 [min:sec]    
  66.1 %  -    0:01.5 [min:sec]    
  66.4 %  -    0:01.5 [min:sec]    
  66.7 %  -    0:01.5 [min:sec]    
  66.9 %  -    0:01.4 [min:sec]    
  67.2 %  -    0:01.4 [min:sec]    
  67.5 %  -    0:01.4 [min:sec]    
  67.8 %  -    0:01.4 [min:sec]    
  68.0 %  -    0:01.4 [min:sec]    
  68.3 %  -    0:01.4 [min:sec]    
  68.6 %  -    0:01.4 [min:sec]    
  68.9 %  -    0:01.4 [min:sec]    
  69.1 %  -    0:01.4 [min:sec]    
  69.4 %  -    0:01.4 [min:sec]    
  69.7 %  -    0:01.3 [min:sec]    
  69.9 %  -    0:01.3 [min:sec]    
  70.2 %  -    0:01.3 [min:sec]    
  70.5 %  -    0:01.3 [min:sec]    
  70.8 %  -    0:01.3 [min:sec]    
  71.0 %  -    0:01.3 [min:sec]    
  71.3 %  -    0:01.3 [min:sec]    
  71.6 %  -    0:01.3 [min:sec]    
  71.9 %  -    0:01.3 [min:sec]    
  72.1 %  -    0:01.2 [min:sec]    
  72.4 %  -    0:01.2 [min:sec]    
  72.7 %  -    0:01.2 [min:sec]    
  73.0 %  -    0:01.2 [min:sec]    
  73.2 %  -    0:01.2 [min:sec]    
  73.5 %  -    0:01.2 [min:sec]    
  73.8 %  -    0:01.2 [min:sec]    
  74.0 %  -    0:01.1 [min:sec]    
  74.3 %  -    0:01.1 [min:sec]    
  74.6 %  -    0:01.1 [min:sec]    
  74.9 %  -    0:01.1 [min:sec]    
  75.1 %  -    0:01.1 [min:sec]    
  75.4 %  -    0:01.1 [min:sec]    
  75.7 %  -    0:01.1 [min:sec]    
  76.0 %  -    0:01.1 [min:sec]    
  76.2 %  -    0:01.1 [min:sec]    
  76.5 %  -    0:01.0 [min:sec]    
  76.8 %  -    0:01.0 [min:sec]    
  77.0 %  -    0:01.0 [min:sec]    
  77.3 %  -    0:01.0 [min:sec]    
  77.6 %  -    0:01.0 [min:sec]    
  77.9 %  -    0:01.0 [min:sec]    
  78.1 %  -    0:01.0 [min:sec]    
  78.4 %  -    0:01.0 [min:sec]    
  78.7 %  -    0:00.9 [min:sec]    
  79.0 %  -    0:00.9 [min:sec]    
  79.2 %  -    0:00.9 [min:sec]    
  79.5 %  -    0:00.9 [min:sec]    
  79.8 %  -    0:00.9 [min:sec]    
  80.1 %  -    0:00.9 [min:sec]    
  80.3 %  -    0:00.9 [min:sec]    
  80.6 %  -    0:00.9 [min:sec]    
  80.9 %  -    0:00.8 [min:sec]    
  81.1 %  -    0:00.8 [min:sec]    
  81.4 %  -    0:00.8 [min:sec]    
  81.7 %  -    0:00.8 [min:sec]    
  82.0 %  -    0:00.8 [min:sec]    
  82.2 %  -    0:00.8 [min:sec]    
  82.5 %  -    0:00.8 [min:sec]    
  82.8 %  -    0:00.8 [min:sec]    
  83.1 %  -    0:00.7 [min:sec]    
  83.3 %  -    0:00.7 [min:sec]    
  83.6 %  -    0:00.7 [min:sec]    
  83.9 %  -    0:00.7 [min:sec]    
  84.2 %  -    0:00.7 [min:sec]    
  84.4 %  -    0:00.7 [min:sec]    
  84.7 %  -    0:00.7 [min:sec]    
  85.0 %  -    0:00.7 [min:sec]    
  85.2 %  -    0:00.7 [min:sec]    
  85.5 %  -    0:00.6 [min:sec]    
  85.8 %  -    0:00.6 [min:sec]    
  86.1 %  -    0:00.6 [min:sec]    
  86.3 %  -    0:00.6 [min:sec]    
  86.6 %  -    0:00.6 [min:sec]    
  86.9 %  -    0:00.6 [min:sec]    
  87.2 %  -    0:00.6 [min:sec]    
  87.4 %  -    0:00.6 [min:sec]    
  87.7 %  -    0:00.5 [min:sec]    
  88.0 %  -    0:00.5 [min:sec]    
  88.3 %  -    0:00.5 [min:sec]    
  88.5 %  -    0:00.5 [min:sec]    
  88.8 %  -    0:00.5 [min:sec]    
  89.1 %  -    0:00.5 [min:sec]    
  89.3 %  -    0:00.5 [min:sec]    
  89.6 %  -    0:00.5 [min:sec]    
  89.9 %  -    0:00.4 [min:sec]    
  90.2 %  -    0:00.4 [min:sec]    
  90.4 %  -    0:00.4 [min:sec]    
  90.7 %  -    0:00.4 [min:sec]    
  91.0 %  -    0:00.4 [min:sec]    
  91.3 %  -    0:00.4 [min:sec]    
  91.5 %  -    0:00.4 [min:sec]    
  91.8 %  -    0:00.4 [min:sec]    
  92.1 %  -    0:00.3 [min:sec]    
  92.3 %  -    0:00.3 [min:sec]    
  92.6 %  -    0:00.3 [min:sec]    
  92.9 %  -    0:00.3 [min:sec]    
  93.2 %  -    0:00.3 [min:sec]    
  93.4 %  -    0:00.3 [min:sec]    
  93.7 %  -    0:00.3 [min:sec]    
  94.0 %  -    0:00.3 [min:sec]    
  94.3 %  -    0:00.2 [min:sec]    
  94.5 %  -    0:00.2 [min:sec]    
  94.8 %  -    0:00.2 [min:sec]    
  95.1 %  -    0:00.2 [min:sec]    
  95.4 %  -    0:00.2 [min:sec]    
  95.6 %  -    0:00.2 [min:sec]    
  95.9 %  -    0:00.2 [min:sec]    
  96.2 %  -    0:00.2 [min:sec]    
  96.4 %  -    0:00.2 [min:sec]    
  96.7 %  -    0:00.1 [min:sec]    
  97.0 %  -    0:00.1 [min:sec]    
  97.3 %  -    0:00.1 [min:sec]    
  97.5 %  -    0:00.1 [min:sec]    
  97.8 %  -    0:00.1 [min:sec]    
  98.1 %  -    0:00.1 [min:sec]    
  98.4 %  -    0:00.1 [min:sec]    
  98.6 %  -    0:00.1 [min:sec]    
  98.9 %  -    0:00.0 [min:sec]    
  99.2 %  -    0:00.0 [min:sec]    
  99.5 %  -    0:00.0 [min:sec]    
  99.7 %  -    0:00.0 [min:sec]    
 100.0 %  -    0:00.0 [min:sec]    

├Üp─Ť┼ín─Ť zpracov├íno 100,0% optimaliza─Źn├şch v├Żpo─Źt┼»
 
 
Od 31-12-2021 do 31-12-2022 (365 dn├ş):
                       N├íklady (tis. K─Ź)  Rozd├şl (tis. K─Ź)  Rozd├şl (%)
0      Pouze spot┼Öeba           5816.982             0.000        0.00
1      Spot┼Öeba a FVE           4199.299         -1617.683      -27.81
2  Spot┼Öeba a baterie           4783.667         -1033.315      -17.76
3  Spot┼Öeba, FVE, bat           3152.983         -2663.999      -45.80
 
Po─Źet cykl┼» baterie: 430.11
 
 
Statisticky za rok:
                       N├íklady (tis. K─Ź)  Rozd├şl (tis. K─Ź)  Rozd├şl (%)
0      Pouze spot┼Öeba           5809.025             0.000        0.00
1      Spot┼Öeba a FVE           4193.554         -1615.470      -27.81
2  Spot┼Öeba a baterie           4777.123         -1031.901      -17.76
3  Spot┼Öeba, FVE, bat           3148.670         -2660.355      -45.80
 
Po─Źet cykl┼» baterie: 429.52
 
 
Bilance energie statisticky za rok:
                       ...  Suma celkem\n(MWh)
0      Pouze spot┼Öeba  ...             814.414
1           Pouze FVE  ...            -236.627
2       Pouze baterie  ...              17.353
3      Spot┼Öeba a FVE  ...             577.788
4  Spot┼Öeba a baterie  ...             831.768
5  Spot┼Öeba, FVE, bat  ...             595.141

[6 rows x 4 columns]
 
 
 
Bilance financ├ş statisticky za rok:
                       ...  Suma celkem\n(tis. K─Ź)
0      Pouze spot┼Öeba  ...                5804.652
1           Pouze FVE  ...               -1300.197
2       Pouze baterie  ...                -538.505
3      Spot┼Öeba a FVE  ...                4193.554
4  Spot┼Öeba a baterie  ...                4777.123
5  Spot┼Öeba, FVE, bat  ...                3148.670

[6 rows x 4 columns]
 
Ôťô Task completed without errors

=== RESULT ===
Status: completed
Progress: 0
Error: None
Execution time: 7s
Has results: True
Has cost_table: True
Has energy_balance: True
Has charts_data: True

Results keys: ['battCycles', 'battCyclesYear', 'timeString', 'dataCount', 'dataRedCount']
Battery cycles: 430.1129338664743

Cost table rows: 4
First row: {' ': 'Pouze spot┼Öeba', 'N├íklady (tis. K─Ź)': 5816.982, 'Rozd├şl (tis. K─Ź)': 0.0, 'Rozd├şl (%)': 0.0}

Ôťô Test completed. Calculation ID: b475a57b-3bea-41dc-bc6b-f8b97d35ef5a
View at: http://localhost:3000/calculations/b475a57b-3bea-41dc-bc6b-f8b97d35ef5a/results
